node.exe : npm warn Unknown user config "disturl". This will stop working in the next major version of npm.
所在位置 行:1 字符: 1
+ & "D:\Program Files\nodejs/node.exe" "D:\Program Files\nodejs/node_mo ...
+ ~~~~~~~~~~~~~~~~~~~~~~~~~~~~~~~~~~~~~~~~~~~~~~~~~~~~~~~~~~~~~~~~~~~~~
    + CategoryInfo          : NotSpecified: (npm warn Unknow...version of npm.:String) [], RemoteException
    + FullyQualifiedErrorId : NativeCommandError
 
npm warn Unknown user config "electron_mirror". This will stop working in the next major version of npm.
npm warn Unknown user config "sass_binary_site". This will stop working in the next major version of npm.
npm warn Unknown user config "chromedriver_cdnurl". This will stop working in the next major version of npm.
npm warn Unknown user config "operadriver_cdnurl". This will stop working in the next major version of npm.
npm warn Unknown user config "phantomjs_cdnurl". This will stop working in the next major version of npm.
npm warn Unknown user config "selenium_cdnurl". This will stop working in the next major version of npm.
npm warn Unknown user config "node_inspector_cdnurl". This will stop working in the next major version of npm.
npm warn Unknown user config "python_mirror". This will stop working in the next major version of npm.

> jsh-erp-web@3.5.0 build
> vite build

vite v8.0.16 building client environment for production...
[2K
transforming...鉁?4609 modules transformed.
鉁?Build failed in 2.60s
error during build:
Build failed with 18 errors:

[plugin vite:vue] C:/Users/ASUS/Desktop/jshERP/jshERP-web/src/views/system/CustomerList.vue:71:37
SyntaxError: [vue/compiler-sfc] Unexpected token, expected "," (71:37)

C:/Users/ASUS/Desktop/jshERP/jshERP-web/src/views/system/CustomerList.vue
164|            { title: '缁嬪海宸?%)', dataIndex: 'taxRate',width:80,align:"left"},
165|            { title: '閹烘帒绨?, dataIndex: 'sort', width: 60,align:"left"},
166|            { title: '閻樿埖鈧?,dataIndex: 'enabled',width:60, align:"center",
   |                                       ^
167|              customRender: (cell) => this.$renderColumnSlot('customRenderFlag', cell)
168|            }
    at constructor (C:\Users\ASUS\Desktop\jshERP\jshERP-web\node_modules\@babel\parser\lib\index.js:365:19)
    at Parser.raise (C:\Users\ASUS\Desktop\jshERP\jshERP-web\node_modules\@babel\parser\lib\index.js:6616:19)
    at Parser.unexpected (C:\Users\ASUS\Desktop\jshERP\jshERP-web\node_modules\@babel\parser\lib\index.js:6636:16)
    at Parser.expect (C:\Users\ASUS\Desktop\jshERP\jshERP-web\node_modules\@babel\parser\lib\index.js:6916:12)
    at Parser.parseObjectLike (C:\Users\ASUS\Desktop\jshERP\jshERP-web\node_modules\@babel\parser\lib\index.js:11839:14
)
    at Parser.parseExprAtom (C:\Users\ASUS\Desktop\jshERP\jshERP-web\node_modules\@babel\parser\lib\index.js:11356:23)
    at Parser.parseExprSubscripts (C:\Users\ASUS\Desktop\jshERP\jshERP-web\node_modules\@babel\parser\lib\index.js:1109
8:23)
    at Parser.parseUpdate (C:\Users\ASUS\Desktop\jshERP\jshERP-web\node_modules\@babel\parser\lib\index.js:11083:21)
    at Parser.parseMaybeUnary (C:\Users\ASUS\Desktop\jshERP\jshERP-web\node_modules\@babel\parser\lib\index.js:11063:23
)
    at Parser.parseMaybeUnaryOrPrivate (C:\Users\ASUS\Desktop\jshERP\jshERP-web\node_modules\@babel\parser\lib\index.js
:10916:61)
[plugin vite:vue] C:/Users/ASUS/Desktop/jshERP/jshERP-web/src/views/system/DictList.vue:52:37
SyntaxError: [vue/compiler-sfc] Unexpected token, expected "," (52:37)

C:/Users/ASUS/Desktop/jshERP/jshERP-web/src/views/system/DictList.vue
149|            },
150|            { title: '婢跺洦鏁?, dataIndex: 'remark', width: 200, ellipsis:true},
151|            { title: '閻樿埖鈧?,dataIndex: 'status',width: 60,align:"center",
   |                                       ^
152|              customRender: (cell) => this.$renderColumnSlot('customRenderStatus', cell)
153|            },
    at constructor (C:\Users\ASUS\Desktop\jshERP\jshERP-web\node_modules\@babel\parser\lib\index.js:365:19)
    at Parser.raise (C:\Users\ASUS\Desktop\jshERP\jshERP-web\node_modules\@babel\parser\lib\index.js:6616:19)
    at Parser.unexpected (C:\Users\ASUS\Desktop\jshERP\jshERP-web\node_modules\@babel\parser\lib\index.js:6636:16)
    at Parser.expect (C:\Users\ASUS\Desktop\jshERP\jshERP-web\node_modules\@babel\parser\lib\index.js:6916:12)
    at Parser.parseObjectLike (C:\Users\ASUS\Desktop\jshERP\jshERP-web\node_modules\@babel\parser\lib\index.js:11839:14
)
    at Parser.parseExprAtom (C:\Users\ASUS\Desktop\jshERP\jshERP-web\node_modules\@babel\parser\lib\index.js:11356:23)
    at Parser.parseExprSubscripts (C:\Users\ASUS\Desktop\jshERP\jshERP-web\node_modules\@babel\parser\lib\index.js:1109
8:23)
    at Parser.parseUpdate (C:\Users\ASUS\Desktop\jshERP\jshERP-web\node_modules\@babel\parser\lib\index.js:11083:21)
    at Parser.parseMaybeUnary (C:\Users\ASUS\Desktop\jshERP\jshERP-web\node_modules\@babel\parser\lib\index.js:11063:23
)
    at Parser.parseMaybeUnaryOrPrivate (C:\Users\ASUS\Desktop\jshERP\jshERP-web\node_modules\@babel\parser\lib\index.js
:10916:61)
[plugin vite:vue] C:/Users/ASUS/Desktop/jshERP/jshERP-web/src/views/system/AccountList.vue:49:37
SyntaxError: [vue/compiler-sfc] Unexpected token, expected "," (49:37)

C:/Users/ASUS/Desktop/jshERP/jshERP-web/src/views/system/AccountList.vue
132|            { title: '婢跺洦鏁?, dataIndex: 'remark', width: 200, align: "left"},
133|            { title: '閹烘帒绨?, dataIndex: 'sort', width: 60, align: "left"},
134|            { title: '閻樿埖鈧?,dataIndex: 'enabled',width:60,align:"center",
   |                                       ^
135|              customRender: (cell) => this.$renderColumnSlot('customRenderEnabledFlag', cell)
136|            },
    at constructor (C:\Users\ASUS\Desktop\jshERP\jshERP-web\node_modules\@babel\parser\lib\index.js:365:19)
    at Parser.raise (C:\Users\ASUS\Desktop\jshERP\jshERP-web\node_modules\@babel\parser\lib\index.js:6616:19)
    at Parser.unexpected (C:\Users\ASUS\Desktop\jshERP\jshERP-web\node_modules\@babel\parser\lib\index.js:6636:16)
    at Parser.expect (C:\Users\ASUS\Desktop\jshERP\jshERP-web\node_modules\@babel\parser\lib\index.js:6916:12)
    at Parser.parseObjectLike (C:\Users\ASUS\Desktop\jshERP\jshERP-web\node_modules\@babel\parser\lib\index.js:11839:14
)
    at Parser.parseExprAtom (C:\Users\ASUS\Desktop\jshERP\jshERP-web\node_modules\@babel\parser\lib\index.js:11356:23)
    at Parser.parseExprSubscripts (C:\Users\ASUS\Desktop\jshERP\jshERP-web\node_modules\@babel\parser\lib\index.js:1109
8:23)
    at Parser.parseUpdate (C:\Users\ASUS\Desktop\jshERP\jshERP-web\node_modules\@babel\parser\lib\index.js:11083:21)
    at Parser.parseMaybeUnary (C:\Users\ASUS\Desktop\jshERP\jshERP-web\node_modules\@babel\parser\lib\index.js:11063:23
)
    at Parser.parseMaybeUnaryOrPrivate (C:\Users\ASUS\Desktop\jshERP\jshERP-web\node_modules\@babel\parser\lib\index.js
:10916:61)
[plugin vite:vue] C:/Users/ASUS/Desktop/jshERP/jshERP-web/src/views/system/DepotList.vue:59:37
SyntaxError: [vue/compiler-sfc] Unexpected token, expected "," (59:37)

C:/Users/ASUS/Desktop/jshERP/jshERP-web/src/views/system/DepotList.vue
139|            {title: '婢跺洦鏁?, dataIndex: 'remark', width: 120},
140|            {title: '閹烘帒绨?, dataIndex: 'sort', width: 60},
141|            { title: '閻樿埖鈧?,dataIndex: 'enabled',width:60,align:"center",
   |                                       ^
142|              customRender: (cell) => this.$renderColumnSlot('customRenderEnabledFlag', cell)
143|            },
    at constructor (C:\Users\ASUS\Desktop\jshERP\jshERP-web\node_modules\@babel\parser\lib\index.js:365:19)
    at Parser.raise (C:\Users\ASUS\Desktop\jshERP\jshERP-web\node_modules\@babel\parser\lib\index.js:6616:19)
    at Parser.unexpected (C:\Users\ASUS\Desktop\jshERP\jshERP-web\node_modules\@babel\parser\lib\index.js:6636:16)
    at Parser.expect (C:\Users\ASUS\Desktop\jshERP\jshERP-web\node_modules\@babel\parser\lib\index.js:6916:12)
    at Parser.parseObjectLike (C:\Users\ASUS\Desktop\jshERP\jshERP-web\node_modules\@babel\parser\lib\index.js:11839:14
)
    at Parser.parseExprAtom (C:\Users\ASUS\Desktop\jshERP\jshERP-web\node_modules\@babel\parser\lib\index.js:11356:23)
    at Parser.parseExprSubscripts (C:\Users\ASUS\Desktop\jshERP\jshERP-web\node_modules\@babel\parser\lib\index.js:1109
8:23)
    at Parser.parseUpdate (C:\Users\ASUS\Desktop\jshERP\jshERP-web\node_modules\@babel\parser\lib\index.js:11083:21)
    at Parser.parseMaybeUnary (C:\Users\ASUS\Desktop\jshERP\jshERP-web\node_modules\@babel\parser\lib\index.js:11063:23
)
    at Parser.parseMaybeUnaryOrPrivate (C:\Users\ASUS\Desktop\jshERP\jshERP-web\node_modules\@babel\parser\lib\index.js
:10916:61)
[plugin vite:vue] C:/Users/ASUS/Desktop/jshERP/jshERP-web/src/views/system/InOutItemList.vue:47:37
SyntaxError: [vue/compiler-sfc] Unexpected token, expected "," (47:37)

C:/Users/ASUS/Desktop/jshERP/jshERP-web/src/views/system/InOutItemList.vue
125|            { title: '婢跺洦鏁?, dataIndex: 'remark', width: 200},
126|            { title: '閹烘帒绨?, dataIndex: 'sort', width: 60},
127|            { title: '閻樿埖鈧?,dataIndex: 'enabled',width:60,align:"center",
   |                                       ^
128|              customRender: (cell) => this.$renderColumnSlot('customRenderFlag', cell)
129|            }
    at constructor (C:\Users\ASUS\Desktop\jshERP\jshERP-web\node_modules\@babel\parser\lib\index.js:365:19)
    at Parser.raise (C:\Users\ASUS\Desktop\jshERP\jshERP-web\node_modules\@babel\parser\lib\index.js:6616:19)
    at Parser.unexpected (C:\Users\ASUS\Desktop\jshERP\jshERP-web\node_modules\@babel\parser\lib\index.js:6636:16)
    at Parser.expect (C:\Users\ASUS\Desktop\jshERP\jshERP-web\node_modules\@babel\parser\lib\index.js:6916:12)
    at Parser.parseObjectLike (C:\Users\ASUS\Desktop\jshERP\jshERP-web\node_modules\@babel\parser\lib\index.js:11839:14
)
    at Parser.parseExprAtom (C:\Users\ASUS\Desktop\jshERP\jshERP-web\node_modules\@babel\parser\lib\index.js:11356:23)
    at Parser.parseExprSubscripts (C:\Users\ASUS\Desktop\jshERP\jshERP-web\node_modules\@babel\parser\lib\index.js:1109
8:23)
    at Parser.parseUpdate (C:\Users\ASUS\Desktop\jshERP\jshERP-web\node_modules\@babel\parser\lib\index.js:11083:21)
    at Parser.parseMaybeUnary (C:\Users\ASUS\Desktop\jshERP\jshERP-web\node_modules\@babel\parser\lib\index.js:11063:23
)
    at Parser.parseMaybeUnaryOrPrivate (C:\Users\ASUS\Desktop\jshERP\jshERP-web\node_modules\@babel\parser\lib\index.js
:10916:61)
...
    at aggregateBindingErrorsIntoJsError (file:///C:/Users/ASUS/Desktop/jshERP/jshERP-web/node_modules/rolldown/dist/sh
ared/error-BuvQYXuZ.mjs:48:18)
    at unwrapBindingResult (file:///C:/Users/ASUS/Desktop/jshERP/jshERP-web/node_modules/rolldown/dist/shared/error-Buv
QYXuZ.mjs:18:128)
    at #build (file:///C:/Users/ASUS/Desktop/jshERP/jshERP-web/node_modules/rolldown/dist/shared/rolldown-build-CrPk_lZ
e.mjs:3246:34)
    at async buildEnvironment (file:///C:/Users/ASUS/Desktop/jshERP/jshERP-web/node_modules/vite/dist/node/chunks/node.
js:33253:64)
    at async Object.build (file:///C:/Users/ASUS/Desktop/jshERP/jshERP-web/node_modules/vite/dist/node/chunks/node.js:3
3675:19)
    at async Object.buildApp (file:///C:/Users/ASUS/Desktop/jshERP/jshERP-web/node_modules/vite/dist/node/chunks/node.j
s:33672:153)
    at async CAC.<anonymous> (file:///C:/Users/ASUS/Desktop/jshERP/jshERP-web/node_modules/vite/dist/node/cli.js:777:3)
 {
  errors: [Getter/Setter]
}
