node.exe : npm warn Unknown user config "disturl". This will stop working in the next major version of npm.
所在位置 行:1 字符: 1
+ & "D:\Program Files\nodejs/node.exe" "D:\Program Files\nodejs/node_mo ...
+ ~~~~~~~~~~~~~~~~~~~~~~~~~~~~~~~~~~~~~~~~~~~~~~~~~~~~~~~~~~~~~~~~~~~~~
    + CategoryInfo          : NotSpecified: (npm warn Unknow...version of npm.:String) [], RemoteException
    + FullyQualifiedErrorId : NativeCommandError
 
npm warn Unknown user config "electron_mirror". This will stop working in the next major version of npm.
npm warn Unknown user config "sass_binary_site". This will stop working in the next major version of npm.
npm warn Unknown user config "chromedriver_cdnurl". This will stop working in the next major version of npm.
npm warn Unknown user config "operadriver_cdnurl". This will stop working in the next major version of npm.
npm warn Unknown user config "phantomjs_cdnurl". This will stop working in the next major version of npm.
npm warn Unknown user config "selenium_cdnurl". This will stop working in the next major version of npm.
npm warn Unknown user config "node_inspector_cdnurl". This will stop working in the next major version of npm.
npm warn Unknown user config "python_mirror". This will stop working in the next major version of npm.

> jsh-erp-web@3.5.0 build
> vite build

vite v8.0.16 building client environment for production...
[2K
transforming...鉁?4622 modules transformed.
鉁?Build failed in 2.61s
error during build:
Build failed with 12 errors:

[plugin vite:vue] C:/Users/ASUS/Desktop/jshERP/jshERP-web/src/views/system/MemberList.vue:59:38
SyntaxError: [vue/compiler-sfc] Unexpected token, expected "," (59:38)

C:/Users/ASUS/Desktop/jshERP/jshERP-web/src/views/system/MemberList.vue
149|            { title: '閼辨梻閮撮悽浣冪樈', dataIndex: 'phoneNum',width:100,align:"left"},
150|            { title: '閻㈤潧鐡欓柇顔绢唸', dataIndex: 'email',width:150,align:"left"},
151|            { title: '妫板嫪绮▎",dataIndex: 'advanceIn',width:70,align:"left"},
   |                                        ^
152|            { title: '閹烘帒绨?, dataIndex: 'sort', width: 60,align:"left"},
153|            { title: '鐘舵€?, dataIndex: 'enabled',width:60,align:"center",
    at constructor (C:\Users\ASUS\Desktop\jshERP\jshERP-web\node_modules\@babel\parser\lib\index.js:365:19)
    at Parser.raise (C:\Users\ASUS\Desktop\jshERP\jshERP-web\node_modules\@babel\parser\lib\index.js:6616:19)
    at Parser.unexpected (C:\Users\ASUS\Desktop\jshERP\jshERP-web\node_modules\@babel\parser\lib\index.js:6636:16)
    at Parser.expect (C:\Users\ASUS\Desktop\jshERP\jshERP-web\node_modules\@babel\parser\lib\index.js:6916:12)
    at Parser.parseObjectLike (C:\Users\ASUS\Desktop\jshERP\jshERP-web\node_modules\@babel\parser\lib\index.js:11839:14
)
    at Parser.parseExprAtom (C:\Users\ASUS\Desktop\jshERP\jshERP-web\node_modules\@babel\parser\lib\index.js:11356:23)
    at Parser.parseExprSubscripts (C:\Users\ASUS\Desktop\jshERP\jshERP-web\node_modules\@babel\parser\lib\index.js:1109
8:23)
    at Parser.parseUpdate (C:\Users\ASUS\Desktop\jshERP\jshERP-web\node_modules\@babel\parser\lib\index.js:11083:21)
    at Parser.parseMaybeUnary (C:\Users\ASUS\Desktop\jshERP\jshERP-web\node_modules\@babel\parser\lib\index.js:11063:23
)
    at Parser.parseMaybeUnaryOrPrivate (C:\Users\ASUS\Desktop\jshERP\jshERP-web\node_modules\@babel\parser\lib\index.js
:10916:61)
[plugin vite:vue] C:/Users/ASUS/Desktop/jshERP/jshERP-web/src/views/system/OptionList.vue:19:28
RolldownError: Attribute name cannot contain U+0022 ("), U+0027 ('), and U+003C (<).
SyntaxError: Attribute name cannot contain U+0022 ("), U+0027 ('), and U+003C (<).
    at createCompilerError (C:\Users\ASUS\Desktop\jshERP\jshERP-web\node_modules\@vue\compiler-core\dist\compiler-core.
cjs.prod.js:1374:17)
    at Object.emitError [as onerr] (C:\Users\ASUS\Desktop\jshERP\jshERP-web\node_modules\@vue\compiler-core\dist\compil
er-core.cjs.prod.js:2980:5)
    at Tokenizer.stateInAttrName (C:\Users\ASUS\Desktop\jshERP\jshERP-web\node_modules\@vue\compiler-core\dist\compiler
-core.cjs.prod.js:868:16)
    at Tokenizer.parse (C:\Users\ASUS\Desktop\jshERP\jshERP-web\node_modules\@vue\compiler-core\dist\compiler-core.cjs.
prod.js:1117:16)
    at Object.baseParse (C:\Users\ASUS\Desktop\jshERP\jshERP-web\node_modules\@vue\compiler-core\dist\compiler-core.cjs
.prod.js:3012:13)
    at Object.parse (C:\Users\ASUS\Desktop\jshERP\jshERP-web\node_modules\@vue\compiler-dom\dist\compiler-dom.cjs.prod.
js:665:23)
    at Object.parse$1 [as parse] (C:\Users\ASUS\Desktop\jshERP\jshERP-web\node_modules\@vue\compiler-sfc\dist\compiler-
sfc.cjs.js:1824:24)
    at createDescriptor (file:///C:/Users/ASUS/Desktop/jshERP/jshERP-web/node_modules/@vitejs/plugin-vue/dist/index.mjs
:50:42)
    at transformMain (file:///C:/Users/ASUS/Desktop/jshERP/jshERP-web/node_modules/@vitejs/plugin-vue/dist/index.mjs:12
99:33)
    at TransformPluginContextImpl.handler (file:///C:/Users/ASUS/Desktop/jshERP/jshERP-web/node_modules/@vitejs/plugin-
vue/dist/index.mjs:1710:27)
[plugin vite:vue] C:/Users/ASUS/Desktop/jshERP/jshERP-web/src/views/system/RoleList.vue:61:51
RolldownError: Invalid end tag.
SyntaxError: Invalid end tag.
    at createCompilerError (C:\Users\ASUS\Desktop\jshERP\jshERP-web\node_modules\@vue\compiler-core\dist\compiler-core.
cjs.prod.js:1374:17)
    at emitError (C:\Users\ASUS\Desktop\jshERP\jshERP-web\node_modules\@vue\compiler-core\dist\compiler-core.cjs.prod.j
s:2980:5)
    at Object.onclosetag (C:\Users\ASUS\Desktop\jshERP\jshERP-web\node_modules\@vue\compiler-core\dist\compiler-core.cj
s.prod.js:2387:9)
    at Tokenizer.stateInClosingTagName (C:\Users\ASUS\Desktop\jshERP\jshERP-web\node_modules\@vue\compiler-core\dist\co
mpiler-core.cjs.prod.js:799:16)
    at Tokenizer.parse (C:\Users\ASUS\Desktop\jshERP\jshERP-web\node_modules\@vue\compiler-core\dist\compiler-core.cjs.
prod.js:1157:16)
    at Object.baseParse (C:\Users\ASUS\Desktop\jshERP\jshERP-web\node_modules\@vue\compiler-core\dist\compiler-core.cjs
.prod.js:3012:13)
    at Object.parse (C:\Users\ASUS\Desktop\jshERP\jshERP-web\node_modules\@vue\compiler-dom\dist\compiler-dom.cjs.prod.
js:665:23)
    at Object.parse$1 [as parse] (C:\Users\ASUS\Desktop\jshERP\jshERP-web\node_modules\@vue\compiler-sfc\dist\compiler-
sfc.cjs.js:1824:24)
    at createDescriptor (file:///C:/Users/ASUS/Desktop/jshERP/jshERP-web/node_modules/@vitejs/plugin-vue/dist/index.mjs
:50:42)
    at transformMain (file:///C:/Users/ASUS/Desktop/jshERP/jshERP-web/node_modules/@vitejs/plugin-vue/dist/index.mjs:12
99:33)
[plugin vite:vue] C:/Users/ASUS/Desktop/jshERP/jshERP-web/src/views/system/PersonList.vue:24:57
RolldownError: Attribute name cannot contain U+0022 ("), U+0027 ('), and U+003C (<).
SyntaxError: Attribute name cannot contain U+0022 ("), U+0027 ('), and U+003C (<).
    at createCompilerError (C:\Users\ASUS\Desktop\jshERP\jshERP-web\node_modules\@vue\compiler-core\dist\compiler-core.
cjs.prod.js:1374:17)
    at Object.emitError [as onerr] (C:\Users\ASUS\Desktop\jshERP\jshERP-web\node_modules\@vue\compiler-core\dist\compil
er-core.cjs.prod.js:2980:5)
    at Tokenizer.stateInAttrName (C:\Users\ASUS\Desktop\jshERP\jshERP-web\node_modules\@vue\compiler-core\dist\compiler
-core.cjs.prod.js:868:16)
    at Tokenizer.parse (C:\Users\ASUS\Desktop\jshERP\jshERP-web\node_modules\@vue\compiler-core\dist\compiler-core.cjs.
prod.js:1117:16)
    at Object.baseParse (C:\Users\ASUS\Desktop\jshERP\jshERP-web\node_modules\@vue\compiler-core\dist\compiler-core.cjs
.prod.js:3012:13)
    at Object.parse (C:\Users\ASUS\Desktop\jshERP\jshERP-web\node_modules\@vue\compiler-dom\dist\compiler-dom.cjs.prod.
js:665:23)
    at Object.parse$1 [as parse] (C:\Users\ASUS\Desktop\jshERP\jshERP-web\node_modules\@vue\compiler-sfc\dist\compiler-
sfc.cjs.js:1824:24)
    at createDescriptor (file:///C:/Users/ASUS/Desktop/jshERP/jshERP-web/node_modules/@vitejs/plugin-vue/dist/index.mjs
:50:42)
    at transformMain (file:///C:/Users/ASUS/Desktop/jshERP/jshERP-web/node_modules/@vitejs/plugin-vue/dist/index.mjs:12
99:33)
    at TransformPluginContextImpl.handler (file:///C:/Users/ASUS/Desktop/jshERP/jshERP-web/node_modules/@vitejs/plugin-
vue/dist/index.mjs:1710:27)
[plugin vite:vue] C:/Users/ASUS/Desktop/jshERP/jshERP-web/src/views/system/TenantList.vue:25:46
RolldownError: Attribute name cannot contain U+0022 ("), U+0027 ('), and U+003C (<).
SyntaxError: Attribute name cannot contain U+0022 ("), U+0027 ('), and U+003C (<).
    at createCompilerError (C:\Users\ASUS\Desktop\jshERP\jshERP-web\node_modules\@vue\compiler-core\dist\compiler-core.
cjs.prod.js:1374:17)
    at Object.emitError [as onerr] (C:\Users\ASUS\Desktop\jshERP\jshERP-web\node_modules\@vue\compiler-core\dist\compil
er-core.cjs.prod.js:2980:5)
    at Tokenizer.stateInAttrName (C:\Users\ASUS\Desktop\jshERP\jshERP-web\node_modules\@vue\compiler-core\dist\compiler
-core.cjs.prod.js:868:16)
    at Tokenizer.parse (C:\Users\ASUS\Desktop\jshERP\jshERP-web\node_modules\@vue\compiler-core\dist\compiler-core.cjs.
prod.js:1117:16)
    at Object.baseParse (C:\Users\ASUS\Desktop\jshERP\jshERP-web\node_modules\@vue\compiler-core\dist\compiler-core.cjs
.prod.js:3012:13)
    at Object.parse (C:\Users\ASUS\Desktop\jshERP\jshERP-web\node_modules\@vue\compiler-dom\dist\compiler-dom.cjs.prod.
js:665:23)
    at Object.parse$1 [as parse] (C:\Users\ASUS\Desktop\jshERP\jshERP-web\node_modules\@vue\compiler-sfc\dist\compiler-
sfc.cjs.js:1824:24)
    at createDescriptor (file:///C:/Users/ASUS/Desktop/jshERP/jshERP-web/node_modules/@vitejs/plugin-vue/dist/index.mjs
:50:42)
    at transformMain (file:///C:/Users/ASUS/Desktop/jshERP/jshERP-web/node_modules/@vitejs/plugin-vue/dist/index.mjs:12
99:33)
    at TransformPluginContextImpl.handler (file:///C:/Users/ASUS/Desktop/jshERP/jshERP-web/node_modules/@vitejs/plugin-
vue/dist/index.mjs:1710:27)
...
    at aggregateBindingErrorsIntoJsError (file:///C:/Users/ASUS/Desktop/jshERP/jshERP-web/node_modules/rolldown/dist/sh
ared/error-BuvQYXuZ.mjs:48:18)
    at unwrapBindingResult (file:///C:/Users/ASUS/Desktop/jshERP/jshERP-web/node_modules/rolldown/dist/shared/error-Buv
QYXuZ.mjs:18:128)
    at #build (file:///C:/Users/ASUS/Desktop/jshERP/jshERP-web/node_modules/rolldown/dist/shared/rolldown-build-CrPk_lZ
e.mjs:3246:34)
    at async buildEnvironment (file:///C:/Users/ASUS/Desktop/jshERP/jshERP-web/node_modules/vite/dist/node/chunks/node.
js:33253:64)
    at async Object.build (file:///C:/Users/ASUS/Desktop/jshERP/jshERP-web/node_modules/vite/dist/node/chunks/node.js:3
3675:19)
    at async Object.buildApp (file:///C:/Users/ASUS/Desktop/jshERP/jshERP-web/node_modules/vite/dist/node/chunks/node.j
s:33672:153)
    at async CAC.<anonymous> (file:///C:/Users/ASUS/Desktop/jshERP/jshERP-web/node_modules/vite/dist/node/cli.js:777:3)
 {
  errors: [Getter/Setter]
}
