node.exe : npm warn Unknown user config "disturl". This will stop working in the next major version of npm.
所在位置 行:1 字符: 1
+ & "D:\Program Files\nodejs/node.exe" "D:\Program Files\nodejs/node_mo ...
+ ~~~~~~~~~~~~~~~~~~~~~~~~~~~~~~~~~~~~~~~~~~~~~~~~~~~~~~~~~~~~~~~~~~~~~
    + CategoryInfo          : NotSpecified: (npm warn Unknow...version of npm.:String) [], RemoteException
    + FullyQualifiedErrorId : NativeCommandError
 
npm warn Unknown user config "electron_mirror". This will stop working in the next major version of npm.
npm warn Unknown user config "sass_binary_site". This will stop working in the next major version of npm.
npm warn Unknown user config "chromedriver_cdnurl". This will stop working in the next major version of npm.
npm warn Unknown user config "operadriver_cdnurl". This will stop working in the next major version of npm.
npm warn Unknown user config "phantomjs_cdnurl". This will stop working in the next major version of npm.
npm warn Unknown user config "selenium_cdnurl". This will stop working in the next major version of npm.
npm warn Unknown user config "node_inspector_cdnurl". This will stop working in the next major version of npm.
npm warn Unknown user config "python_mirror". This will stop working in the next major version of npm.

> jsh-erp-web@3.5.0 build
> vite build

vite v8.0.16 building client environment for production...
[2K
transforming...鉁?4641 modules transformed.
鉁?Build failed in 2.78s
error during build:
Build failed with 3 errors:

[plugin vite:vue] C:/Users/ASUS/Desktop/jshERP/jshERP-web/src/views/system/OptionList.vue:25:23
SyntaxError: [vue/compiler-sfc] Unterminated string constant. (25:23)

C:/Users/ASUS/Desktop/jshERP/jshERP-web/src/views/system/OptionList.vue
192|        },
193|        groupModalVisible: false,
194|        groupModalTitle: '閺傛澘顤冮柅澶愩€嶇紒",
   |                         ^
195|        groupFormModel: { code: '', name: '', remark: '', enabled: true },
196|        groupFormRules: {
    at constructor (C:\Users\ASUS\Desktop\jshERP\jshERP-web\node_modules\@babel\parser\lib\index.js:365:19)
    at Parser.raise (C:\Users\ASUS\Desktop\jshERP\jshERP-web\node_modules\@babel\parser\lib\index.js:6616:19)
    at Object.unterminated (C:\Users\ASUS\Desktop\jshERP\jshERP-web\node_modules\@babel\parser\lib\index.js:5681:20)
    at readStringContents (C:\Users\ASUS\Desktop\jshERP\jshERP-web\node_modules\@babel\parser\lib\index.js:5423:16)
    at Parser.readString (C:\Users\ASUS\Desktop\jshERP\jshERP-web\node_modules\@babel\parser\lib\index.js:6515:9)
    at Parser.getTokenFromCode (C:\Users\ASUS\Desktop\jshERP\jshERP-web\node_modules\@babel\parser\lib\index.js:6275:14
)
    at Parser.nextToken (C:\Users\ASUS\Desktop\jshERP\jshERP-web\node_modules\@babel\parser\lib\index.js:5799:10)
    at Parser.next (C:\Users\ASUS\Desktop\jshERP\jshERP-web\node_modules\@babel\parser\lib\index.js:5709:10)
    at Parser.eat (C:\Users\ASUS\Desktop\jshERP\jshERP-web\node_modules\@babel\parser\lib\index.js:5713:12)
    at Parser.parseObjectProperty (C:\Users\ASUS\Desktop\jshERP\jshERP-web\node_modules\@babel\parser\lib\index.js:1196
6:14)
[plugin vite:vue] C:/Users/ASUS/Desktop/jshERP/jshERP-web/src/views/system/SystemConfigList.vue:58:36
SyntaxError: [vue/compiler-sfc] Unterminated string constant. (58:36)

C:/Users/ASUS/Desktop/jshERP/jshERP-web/src/views/system/SystemConfigList.vue
215|          billTypeList: [
216|            { 'key': 'LSCK', 'value': '闂嗚泛鏁崙鍝勭氨' },
217|            { 'key': 'LSTH', 'value': '闂嗚泛鏁柅鈧拹? },
   |                                      ^
218|            { 'key': 'QGD', 'value': '鐠囩柉鍠橀崡? },
219|            { 'key': 'CGDD', 'value': '闁插洩鍠樼拋銏犲礋' },
    at constructor (C:\Users\ASUS\Desktop\jshERP\jshERP-web\node_modules\@babel\parser\lib\index.js:365:19)
    at Parser.raise (C:\Users\ASUS\Desktop\jshERP\jshERP-web\node_modules\@babel\parser\lib\index.js:6616:19)
    at Object.unterminated (C:\Users\ASUS\Desktop\jshERP\jshERP-web\node_modules\@babel\parser\lib\index.js:5681:20)
    at readStringContents (C:\Users\ASUS\Desktop\jshERP\jshERP-web\node_modules\@babel\parser\lib\index.js:5423:16)
    at Parser.readString (C:\Users\ASUS\Desktop\jshERP\jshERP-web\node_modules\@babel\parser\lib\index.js:6515:9)
    at Parser.getTokenFromCode (C:\Users\ASUS\Desktop\jshERP\jshERP-web\node_modules\@babel\parser\lib\index.js:6275:14
)
    at Parser.nextToken (C:\Users\ASUS\Desktop\jshERP\jshERP-web\node_modules\@babel\parser\lib\index.js:5799:10)
    at Parser.next (C:\Users\ASUS\Desktop\jshERP\jshERP-web\node_modules\@babel\parser\lib\index.js:5709:10)
    at Parser.eat (C:\Users\ASUS\Desktop\jshERP\jshERP-web\node_modules\@babel\parser\lib\index.js:5713:12)
    at Parser.parseObjectProperty (C:\Users\ASUS\Desktop\jshERP\jshERP-web\node_modules\@babel\parser\lib\index.js:1196
6:14)
[plugin vite:vue] C:/Users/ASUS/Desktop/jshERP/jshERP-web/src/views/workorder/modules/WorkOrderModal.vue:410:15
RolldownError: Element is missing end tag.
SyntaxError: Element is missing end tag.
    at createCompilerError (C:\Users\ASUS\Desktop\jshERP\jshERP-web\node_modules\@vue\compiler-core\dist\compiler-core.
cjs.prod.js:1374:17)
    at emitError (C:\Users\ASUS\Desktop\jshERP\jshERP-web\node_modules\@vue\compiler-core\dist\compiler-core.cjs.prod.j
s:2980:5)
    at Object.onclosetag (C:\Users\ASUS\Desktop\jshERP\jshERP-web\node_modules\@vue\compiler-core\dist\compiler-core.cj
s.prod.js:2377:13)
    at Tokenizer.stateInClosingTagName (C:\Users\ASUS\Desktop\jshERP\jshERP-web\node_modules\@vue\compiler-core\dist\co
mpiler-core.cjs.prod.js:799:16)
    at Tokenizer.parse (C:\Users\ASUS\Desktop\jshERP\jshERP-web\node_modules\@vue\compiler-core\dist\compiler-core.cjs.
prod.js:1157:16)
    at Object.baseParse (C:\Users\ASUS\Desktop\jshERP\jshERP-web\node_modules\@vue\compiler-core\dist\compiler-core.cjs
.prod.js:3012:13)
    at Object.parse (C:\Users\ASUS\Desktop\jshERP\jshERP-web\node_modules\@vue\compiler-dom\dist\compiler-dom.cjs.prod.
js:665:23)
    at Object.parse$1 [as parse] (C:\Users\ASUS\Desktop\jshERP\jshERP-web\node_modules\@vue\compiler-sfc\dist\compiler-
sfc.cjs.js:1824:24)
    at createDescriptor (file:///C:/Users/ASUS/Desktop/jshERP/jshERP-web/node_modules/@vitejs/plugin-vue/dist/index.mjs
:50:42)
    at transformMain (file:///C:/Users/ASUS/Desktop/jshERP/jshERP-web/node_modules/@vitejs/plugin-vue/dist/index.mjs:12
99:33)
    at aggregateBindingErrorsIntoJsError (file:///C:/Users/ASUS/Desktop/jshERP/jshERP-web/node_modules/rolldown/dist/sh
ared/error-BuvQYXuZ.mjs:48:18)
    at unwrapBindingResult (file:///C:/Users/ASUS/Desktop/jshERP/jshERP-web/node_modules/rolldown/dist/shared/error-Buv
QYXuZ.mjs:18:128)
    at #build (file:///C:/Users/ASUS/Desktop/jshERP/jshERP-web/node_modules/rolldown/dist/shared/rolldown-build-CrPk_lZ
e.mjs:3246:34)
    at async buildEnvironment (file:///C:/Users/ASUS/Desktop/jshERP/jshERP-web/node_modules/vite/dist/node/chunks/node.
js:33253:64)
    at async Object.build (file:///C:/Users/ASUS/Desktop/jshERP/jshERP-web/node_modules/vite/dist/node/chunks/node.js:3
3675:19)
    at async Object.buildApp (file:///C:/Users/ASUS/Desktop/jshERP/jshERP-web/node_modules/vite/dist/node/chunks/node.j
s:33672:153)
    at async CAC.<anonymous> (file:///C:/Users/ASUS/Desktop/jshERP/jshERP-web/node_modules/vite/dist/node/cli.js:777:3)
 {
  errors: [Getter/Setter]
}
