node.exe : npm warn Unknown user config "disturl". This will stop working in the next major version of npm.
所在位置 行:1 字符: 1
+ & "D:\Program Files\nodejs/node.exe" "D:\Program Files\nodejs/node_mo ...
+ ~~~~~~~~~~~~~~~~~~~~~~~~~~~~~~~~~~~~~~~~~~~~~~~~~~~~~~~~~~~~~~~~~~~~~
    + CategoryInfo          : NotSpecified: (npm warn Unknow...version of npm.:String) [], RemoteException
    + FullyQualifiedErrorId : NativeCommandError
 
npm warn Unknown user config "electron_mirror". This will stop working in the next major version of npm.
npm warn Unknown user config "sass_binary_site". This will stop working in the next major version of npm.
npm warn Unknown user config "chromedriver_cdnurl". This will stop working in the next major version of npm.
npm warn Unknown user config "operadriver_cdnurl". This will stop working in the next major version of npm.
npm warn Unknown user config "phantomjs_cdnurl". This will stop working in the next major version of npm.
npm warn Unknown user config "selenium_cdnurl". This will stop working in the next major version of npm.
npm warn Unknown user config "node_inspector_cdnurl". This will stop working in the next major version of npm.
npm warn Unknown user config "python_mirror". This will stop working in the next major version of npm.

> jsh-erp-web@3.5.0 build
> vite build

vite v8.0.16 building client environment for production...
[2K
transforming...鉁?4599 modules transformed.
鉁?Build failed in 2.51s
error during build:
Build failed with 23 errors:

[plugin vite:vue] C:/Users/ASUS/Desktop/jshERP/jshERP-web/src/views/report/CustomerAccount.vue:130:64
SyntaxError: [vue/compiler-sfc] Unterminated string constant. (130:64)

C:/Users/ASUS/Desktop/jshERP/jshERP-web/src/views/report/CustomerAccount.vue
270|              this.ipagination.total = res.data.total;
271|              this.tableAddTotalRow(this.columns, this.dataSource)
272|              this.firstTotal = '閺堢喎鍨垫惔鏃€鏁归敍' + res.data.firstMoney + "閿?
   |                                                                  ^
273|              this.lastTotal = '閺堢喐婀惔鏃€鏁归敍' + res.data.lastMoney
274|            } else if(res.code===510){
    at constructor (C:\Users\ASUS\Desktop\jshERP\jshERP-web\node_modules\@babel\parser\lib\index.js:365:19)
    at Parser.raise (C:\Users\ASUS\Desktop\jshERP\jshERP-web\node_modules\@babel\parser\lib\index.js:6616:19)
    at Object.unterminated (C:\Users\ASUS\Desktop\jshERP\jshERP-web\node_modules\@babel\parser\lib\index.js:5681:20)
    at readStringContents (C:\Users\ASUS\Desktop\jshERP\jshERP-web\node_modules\@babel\parser\lib\index.js:5423:16)
    at Parser.readString (C:\Users\ASUS\Desktop\jshERP\jshERP-web\node_modules\@babel\parser\lib\index.js:6515:9)
    at Parser.getTokenFromCode (C:\Users\ASUS\Desktop\jshERP\jshERP-web\node_modules\@babel\parser\lib\index.js:6275:14
)
    at Parser.nextToken (C:\Users\ASUS\Desktop\jshERP\jshERP-web\node_modules\@babel\parser\lib\index.js:5799:10)
    at Parser.next (C:\Users\ASUS\Desktop\jshERP\jshERP-web\node_modules\@babel\parser\lib\index.js:5709:10)
    at Parser.parseExprOp (C:\Users\ASUS\Desktop\jshERP\jshERP-web\node_modules\@babel\parser\lib\index.js:10956:14)
    at Parser.parseExprOp (C:\Users\ASUS\Desktop\jshERP\jshERP-web\node_modules\@babel\parser\lib\index.js:10970:21)
[plugin vite:vue] C:/Users/ASUS/Desktop/jshERP/jshERP-web/src/views/report/VendorAccount.vue:130:64
SyntaxError: [vue/compiler-sfc] Unterminated string constant. (130:64)

C:/Users/ASUS/Desktop/jshERP/jshERP-web/src/views/report/VendorAccount.vue
270|              this.ipagination.total = res.data.total;
271|              this.tableAddTotalRow(this.columns, this.dataSource)
272|              this.firstTotal = '閺堢喎鍨垫惔鏂剧帛閿? + res.data.firstMoney + "閿?
   |                                                                  ^
273|              this.lastTotal = '閺堢喐婀惔鏂剧帛閿? + res.data.lastMoney
274|            } else if(res.code===510){
    at constructor (C:\Users\ASUS\Desktop\jshERP\jshERP-web\node_modules\@babel\parser\lib\index.js:365:19)
    at Parser.raise (C:\Users\ASUS\Desktop\jshERP\jshERP-web\node_modules\@babel\parser\lib\index.js:6616:19)
    at Object.unterminated (C:\Users\ASUS\Desktop\jshERP\jshERP-web\node_modules\@babel\parser\lib\index.js:5681:20)
    at readStringContents (C:\Users\ASUS\Desktop\jshERP\jshERP-web\node_modules\@babel\parser\lib\index.js:5423:16)
    at Parser.readString (C:\Users\ASUS\Desktop\jshERP\jshERP-web\node_modules\@babel\parser\lib\index.js:6515:9)
    at Parser.getTokenFromCode (C:\Users\ASUS\Desktop\jshERP\jshERP-web\node_modules\@babel\parser\lib\index.js:6275:14
)
    at Parser.nextToken (C:\Users\ASUS\Desktop\jshERP\jshERP-web\node_modules\@babel\parser\lib\index.js:5799:10)
    at Parser.next (C:\Users\ASUS\Desktop\jshERP\jshERP-web\node_modules\@babel\parser\lib\index.js:5709:10)
    at Parser.parseExprOp (C:\Users\ASUS\Desktop\jshERP\jshERP-web\node_modules\@babel\parser\lib\index.js:10956:14)
    at Parser.parseExprOp (C:\Users\ASUS\Desktop\jshERP\jshERP-web\node_modules\@babel\parser\lib\index.js:10970:21)
[plugin vite:vue] C:/Users/ASUS/Desktop/jshERP/jshERP-web/src/views/report/SaleOutReport.vue:194:62
SyntaxError: [vue/compiler-sfc] Unterminated string constant. (194:62)

C:/Users/ASUS/Desktop/jshERP/jshERP-web/src/views/report/SaleOutReport.vue
346|          let list = []
347|          let mpStr = getMpListShort(storage.get('materialPropertyList'))
348|          let head = '閺夛紕鐖?閸氬秶袨,鐟欏嫭鐗?閸ㄥ褰?妫版粏澹?閸濅胶澧?閸掑爼鈧姴鏅?' + mpStr + ',閸楁洑缍?闁库偓閸烆喗鏆熼柌?闁库偓閸烆噣鍣炬０?闁偓鐠愌勬殶闁?闁偓鐠愌囧櫨
妫?鐎圭偤妾柨鈧崬顕€鍣炬０?
   |                                                                ^
349|          for (let i = 0; i < this.dataSource.length; i++) {
350|            let item = []
    at constructor (C:\Users\ASUS\Desktop\jshERP\jshERP-web\node_modules\@babel\parser\lib\index.js:365:19)
    at Parser.raise (C:\Users\ASUS\Desktop\jshERP\jshERP-web\node_modules\@babel\parser\lib\index.js:6616:19)
    at Object.unterminated (C:\Users\ASUS\Desktop\jshERP\jshERP-web\node_modules\@babel\parser\lib\index.js:5681:20)
    at readStringContents (C:\Users\ASUS\Desktop\jshERP\jshERP-web\node_modules\@babel\parser\lib\index.js:5423:16)
    at Parser.readString (C:\Users\ASUS\Desktop\jshERP\jshERP-web\node_modules\@babel\parser\lib\index.js:6515:9)
    at Parser.getTokenFromCode (C:\Users\ASUS\Desktop\jshERP\jshERP-web\node_modules\@babel\parser\lib\index.js:6275:14
)
    at Parser.nextToken (C:\Users\ASUS\Desktop\jshERP\jshERP-web\node_modules\@babel\parser\lib\index.js:5799:10)
    at Parser.next (C:\Users\ASUS\Desktop\jshERP\jshERP-web\node_modules\@babel\parser\lib\index.js:5709:10)
    at Parser.parseExprOp (C:\Users\ASUS\Desktop\jshERP\jshERP-web\node_modules\@babel\parser\lib\index.js:10956:14)
    at Parser.parseExprOp (C:\Users\ASUS\Desktop\jshERP\jshERP-web\node_modules\@babel\parser\lib\index.js:10970:21)
[plugin vite:vue] C:/Users/ASUS/Desktop/jshERP/jshERP-web/src/views/report/StockWarningReport.vue:136:66
SyntaxError: [vue/compiler-sfc] Unterminated string constant. (136:66)

C:/Users/ASUS/Desktop/jshERP/jshERP-web/src/views/report/StockWarningReport.vue
241|          let list = []
242|          let mpStr = getMpListShort(storage.get('materialPropertyList'))
243|          let head = '娴犳挸绨?閺夛紕鐖?閸氬秶袨,鐟欏嫭鐗?閸ㄥ褰?妫版粏澹?閸濅胶澧?閸掑爼鈧姴鏅?' + mpStr + ',閸楁洑缍?鎼存挸鐡?閺堚偓娴ｅ骸鐣ㄩ崗銊ョ氨鐎?閺堚偓妤傛ê鐣ㄩ崗銊ョ氨
鐎?瀵ら缚顔呴崗銉ョ氨闁?瀵ら缚顔呴崙鍝勭氨闁?
   |                                                                    ^
244|          for (let i = 0; i < this.dataSource.length; i++) {
245|            let item = []
    at constructor (C:\Users\ASUS\Desktop\jshERP\jshERP-web\node_modules\@babel\parser\lib\index.js:365:19)
    at Parser.raise (C:\Users\ASUS\Desktop\jshERP\jshERP-web\node_modules\@babel\parser\lib\index.js:6616:19)
    at Object.unterminated (C:\Users\ASUS\Desktop\jshERP\jshERP-web\node_modules\@babel\parser\lib\index.js:5681:20)
    at readStringContents (C:\Users\ASUS\Desktop\jshERP\jshERP-web\node_modules\@babel\parser\lib\index.js:5423:16)
    at Parser.readString (C:\Users\ASUS\Desktop\jshERP\jshERP-web\node_modules\@babel\parser\lib\index.js:6515:9)
    at Parser.getTokenFromCode (C:\Users\ASUS\Desktop\jshERP\jshERP-web\node_modules\@babel\parser\lib\index.js:6275:14
)
    at Parser.nextToken (C:\Users\ASUS\Desktop\jshERP\jshERP-web\node_modules\@babel\parser\lib\index.js:5799:10)
    at Parser.next (C:\Users\ASUS\Desktop\jshERP\jshERP-web\node_modules\@babel\parser\lib\index.js:5709:10)
    at Parser.parseExprOp (C:\Users\ASUS\Desktop\jshERP\jshERP-web\node_modules\@babel\parser\lib\index.js:10956:14)
    at Parser.parseExprOp (C:\Users\ASUS\Desktop\jshERP\jshERP-web\node_modules\@babel\parser\lib\index.js:10970:21)
[plugin vite:vue] C:/Users/ASUS/Desktop/jshERP/jshERP-web/src/views/report/modules/HistoryFinancialList.vue:84:34
SyntaxError: [vue/compiler-sfc] Unterminated string constant. (84:34)

C:/Users/ASUS/Desktop/jshERP/jshERP-web/src/views/report/modules/HistoryFinancialList.vue
196|        show() {
197|          if(this.queryParam.type === '娴犳ɑ顑?) {
198|            this.columns[2].title = '娓氭稑绨查崯?
   |                                    ^
199|            this.columns[6].title = '閸氬牐顓告禒妯活儥'
200|            this.columns[8].title = '鐎圭偤妾禒妯活儥'
    at constructor (C:\Users\ASUS\Desktop\jshERP\jshERP-web\node_modules\@babel\parser\lib\index.js:365:19)
    at Parser.raise (C:\Users\ASUS\Desktop\jshERP\jshERP-web\node_modules\@babel\parser\lib\index.js:6616:19)
    at Object.unterminated (C:\Users\ASUS\Desktop\jshERP\jshERP-web\node_modules\@babel\parser\lib\index.js:5681:20)
    at readStringContents (C:\Users\ASUS\Desktop\jshERP\jshERP-web\node_modules\@babel\parser\lib\index.js:5423:16)
    at Parser.readString (C:\Users\ASUS\Desktop\jshERP\jshERP-web\node_modules\@babel\parser\lib\index.js:6515:9)
    at Parser.getTokenFromCode (C:\Users\ASUS\Desktop\jshERP\jshERP-web\node_modules\@babel\parser\lib\index.js:6275:14
)
    at Parser.nextToken (C:\Users\ASUS\Desktop\jshERP\jshERP-web\node_modules\@babel\parser\lib\index.js:5799:10)
    at Parser.next (C:\Users\ASUS\Desktop\jshERP\jshERP-web\node_modules\@babel\parser\lib\index.js:5709:10)
    at Parser.parseMaybeAssign (C:\Users\ASUS\Desktop\jshERP\jshERP-web\node_modules\@babel\parser\lib\index.js:10876:1
2)
    at Parser.parseExpressionBase (C:\Users\ASUS\Desktop\jshERP\jshERP-web\node_modules\@babel\parser\lib\index.js:1080
1:23)
...
    at aggregateBindingErrorsIntoJsError (file:///C:/Users/ASUS/Desktop/jshERP/jshERP-web/node_modules/rolldown/dist/sh
ared/error-BuvQYXuZ.mjs:48:18)
    at unwrapBindingResult (file:///C:/Users/ASUS/Desktop/jshERP/jshERP-web/node_modules/rolldown/dist/shared/error-Buv
QYXuZ.mjs:18:128)
    at #build (file:///C:/Users/ASUS/Desktop/jshERP/jshERP-web/node_modules/rolldown/dist/shared/rolldown-build-CrPk_lZ
e.mjs:3246:34)
    at async buildEnvironment (file:///C:/Users/ASUS/Desktop/jshERP/jshERP-web/node_modules/vite/dist/node/chunks/node.
js:33253:64)
    at async Object.build (file:///C:/Users/ASUS/Desktop/jshERP/jshERP-web/node_modules/vite/dist/node/chunks/node.js:3
3675:19)
    at async Object.buildApp (file:///C:/Users/ASUS/Desktop/jshERP/jshERP-web/node_modules/vite/dist/node/chunks/node.j
s:33672:153)
    at async CAC.<anonymous> (file:///C:/Users/ASUS/Desktop/jshERP/jshERP-web/node_modules/vite/dist/node/cli.js:777:3)
 {
  errors: [Getter/Setter]
}
